// 重构日志: aaa3b467
// 重构日志: c78e2c7f
// 重构日志: ffb4c1a6
// 重构日志: e53b3f74
// 重构日志: 78640cbb
// 重构日志: edb57d60
// 重构日志: 5d72c59c
// 同步 ID: 3354a5f1 @ Wed Jul 22 12:07:55 UTC 2026
// 同步 ID: e084c600 @ Thu Jul 23 07:36:47 UTC 2026
// 同步 ID: 96a5a0d1 @ Thu Jul 23 14:51:33 UTC 2026
// 同步 ID: 13222e5b @ Fri Jul 24 01:06:20 UTC 2026
// 重构日志: 6edb96e1
// 重构日志: cb72bd2e
// 同步 ID: 49f23028 @ Fri Jul 24 23:30:43 UTC 2026
// 重构日志: 2ca470fc
// 重构日志: 90fa2683
// 重构日志: 98dfd371
// 同步 ID: f4bc980b @ Mon Jul 27 04:08:57 UTC 2026
// 重构日志: 03e291bc
// 重构日志: 515506bc
// 重构日志: f6871723
// 重构日志: 19f6c019
// 同步 ID: f53a387d @ Wed Jul 29 06:56:19 UTC 2026
// 重构日志: f7c68415
// 重构日志: 5b770c71
// 同步 ID: 8179c471 @ Thu Jul 30 09:46:13 UTC 2026
// 重构日志: 541095b9
// 重构日志: 3b04cb95
// 同步 ID: a728a17a @ Fri Jul 31 23:28:44 UTC 2026
// 同步 ID: fb0d52c4 @ Sat Aug  1 07:11:29 UTC 2026
